// Vitest Snapshot v1, https://vitest.dev/guide/snapshot.html

exports[`CommercePage > matches snapshot 1`] = `
<DocumentFragment>
  <header
    class="_container_031107"
  >
    <h1>
      <a
        href="/"
      >
        <img
          alt="IT KINGDOM logo"
          data-nimg="1"
          decoding="async"
          height="38"
          loading="eager"
          src="/_next/image?url=%2Fimg%2Flogo.png&w=384&q=75"
          srcset="/_next/image?url=%2Fimg%2Flogo.png&w=256&q=75 1x, /_next/image?url=%2Fimg%2Flogo.png&w=384&q=75 2x"
          style="color: transparent;"
          width="180"
        />
      </a>
    </h1>
    <nav
      class="sansSerif _nav_031107"
    >
      <ul>
        <li>
          <a
            href="/faq"
          >
            よくある質問
          </a>
        </li>
        <li>
          <a
            href="https://qin.salon/signup"
            rel="noopener noreferrer"
            target="_blank"
          >
            入国手続
          </a>
        </li>
      </ul>
    </nav>
  </header>
  <main
    class="_container_a869a4 _styled_a869a4"
  >
    <h1>
      特定商取引法に基づく表記
    </h1>
    <p>
      「特定商取引に関する法律」第11条に基づき、以下のとおり表示致します。
    </p>
    <h2>
      事業者の名称
    </h2>
    <p>
      島袋光音
    </p>
    <h2>
      事業者の所在地
    </h2>
    <p>
      東京都豊島区南大塚2-11-10 ミモザビル3F
    </p>
    <h2>
      事業者の連絡先
    </h2>
    <p>
      メール: support@qin.salon
    </p>
    <p>
      電話: 080-1543-2766
    </p>
    <p>
      営業時間: 平日10:00〜19:00
    </p>
    <h2>
      販売価格について
    </h2>
    <p>
      販売価格は、表示された金額（表示価格/消費税別）と致します。
    </p>
    <h2>
      販売価格以外でお客様に発生する金銭
    </h2>
    <p>
      当サイトのページ閲覧等に必要となるインターネット接続料金、通信料金等はお客様の負担となります。それぞれの料金は、お客様がご利用のインターネットプロバイダまたは携帯電話会社にお問い合わせください。
    </p>
    <h2>
      支払方法
    </h2>
    <p>
      クレジットカードの他、Stripeが指定するお支払い方法をご利用いただけます。
    </p>
    <h2>
      代金の支払時期:
    </h2>
    <p>
      お客様が選択した支払い方法に関する、プラットフォーム事業者、クレジットカード会社等の規約に基づきます。
    </p>
    <h2>
      契約期間:
    </h2>
    <p>
      当サービスは1ヵ月単位の月額会員制サービスになっており、更新日までに所定の方法によりご解約いただかない限り自動更新されます。 自動更新された場合には、更新前のご利用期間終了時までに1ヵ月分の料金をお支払いいただくものとし、以後も同様となります。
    </p>
    <h2>
      解約条件:
    </h2>
    <p>
      解約はサロン内のマイページ ( 
      <a
        href="https://qin.salon/mypage"
        rel="noopener noreferrer"
        target="_blank"
      >
        https://qin.salon/mypage
      </a>
       ) よりいつでも行えます。最低契約期間等はございません。
    </p>
    <h2>
      役務または商品の引渡時期
    </h2>
    <p>
      購入に関するページに特別な定めを置いている場合を除き、代金決済手続きの完了確認後、直ちにご利用いただけます。
    </p>
    <h2>
      返品・キャンセルに関する特約
    </h2>
    <p>
      本サイトで販売するサービスについては、購入手続完了後の返品またはキャンセルをお受けいたしません。なお、サービスに瑕疵がある場合は、利用規約の定めに従って対応します。特別な販売条件または提供条件がある商品またはサービスについては、各サービスの購入ページにおいて条件を表示します。
    </p>
    <footer>
      <time>
        2020年10月15日 制定
      </time>
      <time>
        2021年5月26日 改定
      </time>
    </footer>
  </main>
  <footer
    class="sansSerif _container_084d48"
  >
    <ul
      class="_links_084d48"
    >
      <li
        class="_link_084d48"
      >
        <a
          href="/support/terms"
        >
          利用規約
        </a>
      </li>
      <li
        class="_link_084d48"
      >
        <a
          href="/support/privacy-policy"
        >
          プライバシーポリシー
        </a>
      </li>
      <li
        class="_link_084d48"
      >
        <a
          href="/support/commerce"
        >
          特定商取引法に基づく表記
        </a>
      </li>
      <li
        class="_link_084d48"
      >
        <a
          href="https://docs.google.com/forms/d/e/1FAIpQLSf7lYhGHmnl2KTPXsArv5KCoZvlwX7pMF7EZrDXSgWQWnJDhw/viewform"
          rel="noopener noreferrer"
          target="_blank"
        >
          お問い合わせ
        </a>
      </li>
    </ul>
    <small
      class="_copyright_084d48"
      lang="en"
    >
      @ 2020 IT KINGDOM
    </small>
  </footer>
</DocumentFragment>
`;
