// Jest Snapshot v1, https://goo.gl/fbAQLP

exports[`FaqPage matches snapshot 1`] = `
<DocumentFragment>
  <header
    class="container"
  >
    <h1>
      <a
        href="/"
      >
        <picture>
          <source
            media="(max-width: 320px)"
            srcset=", undefined 2x"
            type="image/undefined"
          />
          <source
            media="(min-width: 321px)"
            srcset=", undefined 2x"
            type="image/undefined"
          />
          <source
            media="(max-width: 320px)"
            srcset=", undefined 2x"
            type="image/undefined"
          />
          <source
            media="(min-width: 321px)"
            srcset=", undefined 2x"
            type="image/undefined"
          />
          <img
            alt="Logo of 'IT KINGDOM"
            src="test-file-stub"
          />
        </picture>
      </a>
    </h1>
    <nav
      class="sansSerif nav"
    >
      <ul>
        <li>
          <a
            href="/faq"
          >
            よくある質問
          </a>
        </li>
        <li>
          <a
            href="https://qin.salon"
            rel="noopener noreferrer"
            target="_blank"
          >
            ログイン
          </a>
        </li>
      </ul>
    </nav>
  </header>
  <main
    class="container"
  >
    <h1
      class="title"
    >
      よくある質問
    </h1>
    <ul>
      <li
        class="category"
      >
        <h2>
          サロンの内容について
        </h2>
        <ul>
          <li
            class="qa"
          >
            <h3>
              Q どのような方が対象ですか？
            </h3>
            <p>
              IT業界で働いている方・働きたい方、またはプログラミングやデザインに興味のある方にオススメしております。
            </p>
          </li>
          <li
            class="qa"
          >
            <h3>
              Q プログラミング初心者ですが参加可能ですか？
            </h3>
            <p>
              もちろん大歓迎です。初心者から経験者まで誰でもご参加いただけます。
            </p>
          </li>
          <li
            class="qa"
          >
            <h3>
              Q 参加したらプログラミングができるようになりますか？
            </h3>
            <p>
              参加しただけでプログラミングができるようになるものではございません。自主学習と併用してご活用いただく必要があります。「一人だとモチベーションが維持できない」「詰まったときに答えが見つからない」「学習したけど実践になると分からない」といったプログラミング学習における課題を解決できるための仕組みを用意しております。
            </p>
          </li>
          <li
            class="qa"
          >
            <h3>
              Q IT企業に就職・転職できるようになりますか？
            </h3>
            <p>
              必ずできるという約束はできかねますが、就職・転職活動もサポートしていく予定です。
            </p>
          </li>
          <li
            class="qa"
          >
            <h3>
              Q なぜしまぶーさん以外に運営がいるのですか？
            </h3>
            <p>
              サロンの人数が多くなると考え、そうなった場合に1人で運営を行うことが不可能だと判断したためです。また当サロンは実際にプロダクトを作るサロンで、私一人の開発では限界があります。私以上にプログラミング能力がある方を運営に招くことで、プロダクトの開発速度とクオリティをアップさせたいと考えました。
            </p>
          </li>
          <li
            class="qa"
          >
            <h3>
              Q オフラインのイベントもありますか？
            </h3>
            <p>
              新型コロナウイルス感染症が収まり次第、オフラインイベントも行う予定です。また東京に偏りすぎないように地方でも積極的にイベントを行います。
            </p>
          </li>
          <li
            class="qa"
          >
            <h3>
              Q マンガ『キングダム』と関係ありますか？
            </h3>
            <p>
              IT KINGDOMは原泰久先生の作品『キングダム』とは一切関係がない非公式のサービスです。オマージュとして設定を一部拝借しております。
            </p>
          </li>
          <li
            class="qa"
          >
            <h3>
              Q 千人将や将軍などの階級に意味はありますか？
            </h3>
            <p>
              皆様のスキルを分かりやすく可視化するために設定しているもので、階級の高低に特段の意味はございません。階級更新は運営の独自の判断・タイミングで設定させていただきます。また将軍・大将軍の階級の方には一緒に運営のお誘いをする可能性がございます。
            </p>
          </li>
        </ul>
      </li>
      <li
        class="category"
      >
        <h2>
          お支払いやアカウントについて
        </h2>
        <ul>
          <li
            class="qa"
          >
            <h3>
              Q どのような支払い方法がありますか？
            </h3>
            <p>
              クレジットカードかGoogle Payをご利用いただけます。
            </p>
          </li>
          <li
            class="qa"
          >
            <h3>
              Q 入会後、初回料金はいつ決済されますか？
            </h3>
            <p>
              入会手続き完了時に決済が行われます。
            </p>
          </li>
          <li
            class="qa"
          >
            <h3>
              Q クレジットカード情報、登録メールアドレス、その他の情報を変更したいのですが
            </h3>
            <p>
              ログイン後のマイページから変更可能です。
            </p>
          </li>
          <li
            class="qa"
          >
            <h3>
              Q 退会方法を教えてください
            </h3>
            <p>
              ログイン後のマイページより退会手続きが行えます。
            </p>
          </li>
          <li
            class="qa"
          >
            <h3>
              Q キャンセルしたいです
            </h3>
            <p>
              申し訳ございませんが原則キャンセルは承っておりません。参加後に満足いただけなかった場合は退会をお願いしております。なお退会における返金は受け付けておりませんので、参加前に十分なご検討をお願いいたします。
            </p>
          </li>
        </ul>
      </li>
    </ul>
    <p
      class="note"
    >
      その他ご不明点がございましたら、
      <a
        href="https://docs.google.com/forms/d/e/1FAIpQLSf7lYhGHmnl2KTPXsArv5KCoZvlwX7pMF7EZrDXSgWQWnJDhw/viewform"
        rel="noopener noreferrer"
        target="_blank"
      >
        お問い合わせ
      </a>
      よりご連絡ください。
    </p>
  </main>
  <footer
    class="sansSerif container"
  >
    <ul
      class="links"
    >
      <li
        class="link"
      >
        <a
          href="/support/terms"
        >
          利用規約
        </a>
      </li>
      <li
        class="link"
      >
        <a
          href="/support/privacy-policy"
        >
          プライバシーポリシー
        </a>
      </li>
      <li
        class="link"
      >
        <a
          href="/support/commerce"
        >
          特定商取引法に基づく表記
        </a>
      </li>
      <li
        class="link"
      >
        <a
          href="https://docs.google.com/forms/d/e/1FAIpQLSf7lYhGHmnl2KTPXsArv5KCoZvlwX7pMF7EZrDXSgWQWnJDhw/viewform"
          rel="noopener noreferrer"
          target="_blank"
        >
          お問い合わせ
        </a>
      </li>
    </ul>
    <small
      class="copyright"
      lang="en"
    >
      @ 2020 IT KINGDOM
    </small>
  </footer>
</DocumentFragment>
`;
