// Vitest Snapshot v1, https://vitest.dev/guide/snapshot.html

exports[`IndexPage > matches snapshot 1`] = `
<DocumentFragment>
  <header
    class="_container_031107"
  >
    <h1>
      <a
        href="/"
      >
        <img
          alt="IT KINGDOM logo"
          data-nimg="1"
          decoding="async"
          height="38"
          loading="eager"
          src="/_next/image?url=%2Fimg%2Flogo.png&w=384&q=75"
          srcset="/_next/image?url=%2Fimg%2Flogo.png&w=256&q=75 1x, /_next/image?url=%2Fimg%2Flogo.png&w=384&q=75 2x"
          style="color: transparent;"
          width="180"
        />
      </a>
    </h1>
    <nav
      class="sansSerif _nav_031107"
    >
      <ul>
        <li>
          <a
            href="/faq"
          >
            よくある質問
          </a>
        </li>
        <li>
          <a
            href="https://qin.salon/signup"
            rel="noopener noreferrer"
            target="_blank"
          >
            入国手続
          </a>
        </li>
      </ul>
    </nav>
  </header>
  <main
    class="_container_9bf32e"
  >
    <section
      class="_container_0a0336"
    >
      <picture
        class="_img_0a0336"
      >
        <source
          media="(max-width:768px)"
          srcset="
            img/hero/sp-400.webp 400w,
            img/hero/sp-500.webp 500w,
            img/hero/sp-600.webp 600w,
            img/hero/sp-768.webp 768w,
            img/hero/sp.webp"
          type="image/webp"
        />
        <source
          srcset="
            img/hero/pc-980.webp 980w,
            img/hero/pc-1200.webp 1200w,
            img/hero/pc-1680.webp 1680w,
            img/hero/pc-2000.webp 2000w,
            img/hero/pc-2560.webp 2560w,
            img/hero/pc.webp"
          type="image/webp"
        />
        <source
          media="(max-width:768px)"
          srcset="
            img/hero/sp-400.png 400w,
            img/hero/sp-500.png 500w,
            img/hero/sp-600.png 600w,
            img/hero/sp-768.png 768w,
            img/hero/sp.png"
          type="image/png"
        />
        <source
          srcset="
            img/hero/pc-980.png 980w,
            img/hero/pc-1200.png 1200w,
            img/hero/pc-1680.png 1680w,
            img/hero/pc-2000.png 2000w,
            img/hero/pc-2560.png 2560w,
            img/hero/pc.png"
          type="image/png"
        />
        <img
          alt="King shimabu and soldiers"
          fetchpriority="high"
          src="img/hero/pc.png"
        />
      </picture>
      <div>
        <h1
          class="_text_0a0336"
        >
          <div
            class="_line_0a0336"
          >
            <span>
              チャンネル登録者
            </span>
            <span
              class="_number_0a0336"
              style="--count-text: "7万人";"
            >
              7万人
            </span>
            <span>
              の
            </span>
          </div>
          <div
            class="_line_0a0336"
          >
            <span>
              エンジニア
            </span>
            <span
              class="_strong_0a0336"
            >
              YouTuber
            </span>
            <span>
              がおくる
            </span>
          </div>
          <div
            class="_line_0a0336"
          >
            <span
              class="_strong_0a0336"
            >
              オンラインサロン
            </span>
          </div>
        </h1>
        <div
          class="_itk_0a0336"
        >
          <img
            alt="IT KINGDOM"
            data-nimg="1"
            decoding="async"
            height="959"
            loading="eager"
            sizes="(min-width: 1200px) 1200px, 100vw"
            src="/_next/image?url=%2Fimg%2Fhero%2Fit-kingdom.png&w=3840&q=75"
            srcset="/_next/image?url=%2Fimg%2Fhero%2Fit-kingdom.png&w=640&q=75 640w, /_next/image?url=%2Fimg%2Fhero%2Fit-kingdom.png&w=750&q=75 750w, /_next/image?url=%2Fimg%2Fhero%2Fit-kingdom.png&w=828&q=75 828w, /_next/image?url=%2Fimg%2Fhero%2Fit-kingdom.png&w=1080&q=75 1080w, /_next/image?url=%2Fimg%2Fhero%2Fit-kingdom.png&w=1200&q=75 1200w, /_next/image?url=%2Fimg%2Fhero%2Fit-kingdom.png&w=1920&q=75 1920w, /_next/image?url=%2Fimg%2Fhero%2Fit-kingdom.png&w=2048&q=75 2048w, /_next/image?url=%2Fimg%2Fhero%2Fit-kingdom.png&w=3840&q=75 3840w"
            style="color: transparent; width: 100%; height: auto;"
            width="2144"
          />
        </div>
        <a
          class="_button_0a0336"
          href="https://qin.salon/signup"
          rel="noopener noreferrer"
          target="_blank"
        >
          <img
            alt="Entry button"
            data-nimg="1"
            decoding="async"
            height="103"
            loading="eager"
            src="/_next/image?url=%2Fimg%2Fentry-btn.png&w=1080&q=75"
            srcset="/_next/image?url=%2Fimg%2Fentry-btn.png&w=640&q=75 1x, /_next/image?url=%2Fimg%2Fentry-btn.png&w=1080&q=75 2x"
            style="color: transparent;"
            width="480"
          />
        </a>
      </div>
    </section>
    <section
      class="_container_3716c7"
    >
      <h1>
        CONCEPT VIDEO
      </h1>
      <button
        class="_button_882411"
      >
        <div
          class="_thumbnail_882411"
        >
          <img
            alt="Click to play video"
            data-nimg="1"
            decoding="async"
            height="528.75"
            loading="lazy"
            src="/_next/image?url=%2Fpublic%2Fimg%2Fvideo-play.png&w=1920&q=75"
            srcset="/_next/image?url=%2Fpublic%2Fimg%2Fvideo-play.png&w=1080&q=75 1x, /_next/image?url=%2Fpublic%2Fimg%2Fvideo-play.png&w=1920&q=75 2x"
            style="color: transparent;"
            width="940"
          />
        </div>
      </button>
      <div
        class="_smoke_3716c7"
      >
        <img
          alt="Background"
          data-nimg="1"
          decoding="async"
          height="1228"
          loading="lazy"
          src="/_next/image?url=%2Fimg%2Fsmoke.png&w=3840&q=75"
          srcset="/_next/image?url=%2Fimg%2Fsmoke.png&w=3840&q=75 1x"
          style="color: transparent; width: 100%; height: auto;"
          width="2560"
        />
      </div>
    </section>
    <section
      class="_container_13f238"
    >
      <div
        class="_icon_13f238 _front_13f238"
      >
        <img
          alt="Vision section's icon"
          data-nimg="1"
          decoding="async"
          height="56"
          loading="lazy"
          src="/_next/image?url=%2Fimg%2Fvision%2Fweapon.png&w=128&q=75"
          srcset="/_next/image?url=%2Fimg%2Fvision%2Fweapon.png&w=64&q=75 1x, /_next/image?url=%2Fimg%2Fvision%2Fweapon.png&w=128&q=75 2x"
          style="color: transparent;"
          width="60"
        />
      </div>
      <h1
        class="_title_13f238 _front_13f238"
      >
        <strong>
          最高
        </strong>
        の
        <span>
          プロダクト
        </span>
        を生み出す
        <br />
        <strong>
          最強
        </strong>
        の
        <span>
          コミュニティ
        </span>
        をつくりたい
      </h1>
      <p
        class="sansSerif _paragraph_13f238 _front_13f238"
      >
        私はこのサロンからたくさんのユーザーに使われるプロダクトを生み出したいと思っています。
みんなでスキルアップして一緒におもしろいプロダクトを作りましょう。
      </p>
      <div
        class="_first_382c8c"
      >
        <h2>
          そのために
          <strong>
            私
          </strong>
          がやること
        </h2>
        <p
          class="sansSerif"
        >
          プロダクトを作るために必要なプログラミングスキルを伝授します。
          <br />
          必要に応じてデザイン・マーケティング・プレゼンテーション・アイディア出しなどの講座も行います。
        </p>
        <div
          class="_goldTopLeft_382c8c"
        >
          <img
            alt="Background"
            data-nimg="1"
            decoding="async"
            height="222"
            loading="lazy"
            src="/_next/image?url=%2Fimg%2Fvision%2Fgold-top-left.png&w=750&q=75"
            srcset="/_next/image?url=%2Fimg%2Fvision%2Fgold-top-left.png&w=384&q=75 1x, /_next/image?url=%2Fimg%2Fvision%2Fgold-top-left.png&w=750&q=75 2x"
            style="color: transparent;"
            width="333"
          />
        </div>
        <div
          class="_shimabuUdegumi_382c8c"
        >
          <img
            alt="Shimabu"
            data-nimg="1"
            decoding="async"
            height="286"
            loading="lazy"
            src="/_next/image?url=%2Fimg%2Fvision%2Fshimabu_udegumi.png&w=640&q=75"
            srcset="/_next/image?url=%2Fimg%2Fvision%2Fshimabu_udegumi.png&w=256&q=75 1x, /_next/image?url=%2Fimg%2Fvision%2Fshimabu_udegumi.png&w=640&q=75 2x"
            style="color: transparent;"
            width="219"
          />
        </div>
      </div>
      <div
        class="_second_382c8c"
      >
        <h2>
          <strong>
            みんな
          </strong>
          にやってもらうこと
        </h2>
        <p
          class="sansSerif"
        >
          最高のプロダクトが作れるように、各自スキルアップに励む必要があります。
          <br />
          学んだことは積極的にアウトプットを行い、コミュニティ全体を強くしていきましょう。
        </p>
        <div
          class="_goldBottomRight_382c8c"
        >
          <img
            alt="Background"
            data-nimg="1"
            decoding="async"
            height="222"
            loading="lazy"
            src="/_next/image?url=%2Fimg%2Fvision%2Fgold-bottom-right.png&w=750&q=75"
            srcset="/_next/image?url=%2Fimg%2Fvision%2Fgold-bottom-right.png&w=384&q=75 1x, /_next/image?url=%2Fimg%2Fvision%2Fgold-bottom-right.png&w=750&q=75 2x"
            style="color: transparent;"
            width="333"
          />
        </div>
        <div
          class="_goldTopLeft_382c8c"
        >
          <img
            alt="Background"
            data-nimg="1"
            decoding="async"
            height="222"
            loading="lazy"
            src="/_next/image?url=%2Fimg%2Fvision%2Fgold-top-left.png&w=750&q=75"
            srcset="/_next/image?url=%2Fimg%2Fvision%2Fgold-top-left.png&w=384&q=75 1x, /_next/image?url=%2Fimg%2Fvision%2Fgold-top-left.png&w=750&q=75 2x"
            style="color: transparent;"
            width="333"
          />
        </div>
        <div
          class="_soldiers_382c8c"
        >
          <img
            alt="Salon members"
            data-nimg="1"
            decoding="async"
            height="255"
            loading="lazy"
            src="/_next/image?url=%2Fimg%2Fvision%2Fsoldiers.png&w=828&q=75"
            srcset="/_next/image?url=%2Fimg%2Fvision%2Fsoldiers.png&w=640&q=75 1x, /_next/image?url=%2Fimg%2Fvision%2Fsoldiers.png&w=828&q=75 2x"
            style="color: transparent;"
            width="385"
          />
        </div>
      </div>
      <small
        class="sansSerif _note_13f238"
      >
        ※ プロジェクトの動きや中の様子を見たいだけの方もご参加いただけます。
      </small>
      <span
        class="_common_ae9525 _sai_ae9525"
      >
        最
      </span>
      <span
        class="_common_ae9525 _kou_ae9525"
      >
        高
      </span>
      <span
        class="_common_ae9525 _kyou_ae9525"
      >
        強
      </span>
    </section>
    <section
      class="_container_2e1d1c"
    >
      <h1>
        CONTENTS
      </h1>
      <ul>
        <li
          class="_content_2e1d1c"
          style="background-image: url("/img/ink.png");"
        >
          <div
            class="_img_2e1d1c"
          >
            <img
              alt="プロダクト開発"
              data-nimg="1"
              decoding="async"
              height="230"
              loading="lazy"
              src="/_next/image?url=%2Fimg%2Fcontents%2Fprogramming.png&w=640&q=75"
              srcset="/_next/image?url=%2Fimg%2Fcontents%2Fprogramming.png&w=256&q=75 1x, /_next/image?url=%2Fimg%2Fcontents%2Fprogramming.png&w=640&q=75 2x"
              style="color: transparent;"
              width="220"
            />
          </div>
          <h2>
            <span>
              01. 
            </span>
            プロダクト開発
          </h2>
          <p
            class="sansSerif"
          >
            私と運営の現役エンジニアが新規事業のプロジェクトをたてます。プロジェクトのコードはみんなが読めるようにGitHubを使用し、適宜コードの解説も行います。開発に参加したい方は、実際にコードを書いてチーム開発の実戦を経験していただくことも可能です。
          </p>
        </li>
        <li
          class="_content_2e1d1c"
        >
          <div
            class="_img_2e1d1c"
          >
            <img
              alt="みんなに質問"
              data-nimg="1"
              decoding="async"
              height="230"
              loading="lazy"
              src="/_next/image?url=%2Fimg%2Fcontents%2Fqa.png&w=640&q=75"
              srcset="/_next/image?url=%2Fimg%2Fcontents%2Fqa.png&w=256&q=75 1x, /_next/image?url=%2Fimg%2Fcontents%2Fqa.png&w=640&q=75 2x"
              style="color: transparent;"
              width="220"
            />
          </div>
          <h2>
            <span>
              02. 
            </span>
            みんなに質問
          </h2>
          <p
            class="sansSerif"
          >
            運営が独自でつくったプラットフォームがあり、そこには質問機能があります。質問をしていただくと運営やサロン内のエンジニアが回答します。質問の際は回答者が答えやすくなるように詳細な情報を添えてください。また皆さんも回答側になれますので、困っている仲間がいたら助けましょう。
          </p>
        </li>
        <li
          class="_content_2e1d1c"
          style="background-image: url("/img/ink.png");"
        >
          <div
            class="_img_2e1d1c"
          >
            <img
              alt="メモ & アウトプット"
              data-nimg="1"
              decoding="async"
              height="230"
              loading="lazy"
              src="/_next/image?url=%2Fimg%2Fcontents%2Fblog.png&w=640&q=75"
              srcset="/_next/image?url=%2Fimg%2Fcontents%2Fblog.png&w=256&q=75 1x, /_next/image?url=%2Fimg%2Fcontents%2Fblog.png&w=640&q=75 2x"
              style="color: transparent;"
              width="220"
            />
          </div>
          <h2>
            <span>
              03. 
            </span>
            メモ & アウトプット
          </h2>
          <p
            class="sansSerif"
          >
            IT KINGDOMのプラットフォームにはメモ機能も備わっています。外部だと心無い指摘が怖いかもしれませんが、当サロンではみんなが優しく教えてくれますので気軽にアウトプットできます。運営のエンジニアも適宜メモを残していく予定です。
          </p>
        </li>
        <li
          class="_content_2e1d1c"
        >
          <div
            class="_img_2e1d1c"
          >
            <img
              alt="限定コンテンツ"
              data-nimg="1"
              decoding="async"
              height="230"
              loading="lazy"
              src="/_next/image?url=%2Fimg%2Fcontents%2Fnews.png&w=640&q=75"
              srcset="/_next/image?url=%2Fimg%2Fcontents%2Fnews.png&w=256&q=75 1x, /_next/image?url=%2Fimg%2Fcontents%2Fnews.png&w=640&q=75 2x"
              style="color: transparent;"
              width="220"
            />
          </div>
          <h2>
            <span>
              04. 
            </span>
            限定コンテンツ
          </h2>
          <p
            class="sansSerif"
          >
            最低でも月に6本は動画が配信されます。YouTubeより数ヶ月早く講座が見れたり、サロンでしか見られない講座もございます。月に一度、運営のエンジニアが旬な情報をまとめてお届けするライブ配信も人気があります。またSlackでは毎日活発にニュースのシェアが行われています。
          </p>
        </li>
        <li
          class="_content_2e1d1c"
          style="background-image: url("/img/ink.png");"
        >
          <div
            class="_img_2e1d1c"
          >
            <img
              alt="楽しめるコミュニティ"
              data-nimg="1"
              decoding="async"
              height="230"
              loading="lazy"
              src="/_next/image?url=%2Fimg%2Fcontents%2Fcommunity.png&w=640&q=75"
              srcset="/_next/image?url=%2Fimg%2Fcontents%2Fcommunity.png&w=256&q=75 1x, /_next/image?url=%2Fimg%2Fcontents%2Fcommunity.png&w=640&q=75 2x"
              style="color: transparent;"
              width="220"
            />
          </div>
          <h2>
            <span>
              05. 
            </span>
            楽しめるコミュニティ
          </h2>
          <p
            class="sansSerif"
          >
            ただ学ぶだけではなく楽しめるサロンを目指して、頻繁にビデオチャットやSlackを用いて交流の場を設けています。例えば毎日朝活が行われていたり、一緒に勉強するもくもく会、学びの成果を発表するLT、オンライン交流会、ライブ配信で質疑応答・雑談など、様々なイベントが実施されています。
          </p>
          <ul>
            <li
              class="sansSerif"
            >
              ※ 新型コロナウイルス感染症の影響が落ち着き次第、オフラインイベントも実施します。
            </li>
          </ul>
        </li>
      </ul>
      <div
        class="_more_2e1d1c"
      >
        <h2
          class="_headline_2e1d1c _container_13aa15 _coloredTitle_13aa15"
        >
          <span>
            AND MORE
          </span>
          <span>
            他にも企画中
          </span>
        </h2>
        <p
          class="sansSerif"
        >
          当サロンは常に進化していきます。
          良いアイディアを一緒に考えみんなで成長させていく予定です。
          ここに書いてあること以外にもおもしろいことは積極的にやりましょう。
        </p>
      </div>
    </section>
    <section
      class="_container_da4415"
    >
      <div
        class="_title_step_da4415"
      >
        <h1
          class="_title_da4415"
        >
          <span>
            訓練
          </span>
          <span>
            STEP UP
          </span>
        </h1>
        <div
          class="_step_da4415"
        >
          <img
            alt="Curriculum"
            data-nimg="1"
            decoding="async"
            height="550"
            loading="lazy"
            src="/_next/image?url=%2Fimg%2Fstep.png&w=750&q=75"
            srcset="/_next/image?url=%2Fimg%2Fstep.png&w=384&q=75 1x, /_next/image?url=%2Fimg%2Fstep.png&w=750&q=75 2x"
            style="color: transparent;"
            width="340"
          />
        </div>
      </div>
      <ul
        class="_text_da4415"
      >
        <li>
          <h2>
            Lv.1  隊員〜什長
          </h2>
          <p
            class="sansSerif"
          >
            まずはプログラミングの基礎知識を身につけよう。気軽に質問できる環境に加え、ライブ講座なども実施します。
          </p>
        </li>
        <li>
          <h2>
            Lv.2  百人将〜千人将
          </h2>
          <p
            class="sansSerif"
          >
            実際に開発に参加しよう。適宜コード解説も行い、まずはコードを読めるようにします。その後は実際にコードを書いてみましょう。
          </p>
        </li>
        <li>
          <h2>
            Lv.3  二千人将〜五千人将
          </h2>
          <p
            class="sansSerif"
          >
            プロジェクトをリードしていこう。新機能追加、コードレビュー、リファクタリングなどプロダクトを改善させてみましょう。
          </p>
        </li>
        <li>
          <h2>
            Lv.4  将軍、大将軍
          </h2>
          <p
            class="sansSerif"
          >
            ここまできたら一人前。1つのプロジェクトだけでなくコミュニティ全体をリードできるように、みんなを引っ張っていってください！
          </p>
        </li>
      </ul>
    </section>
    <section
      class="_container_bafaf2"
    >
      <h1
        class="_headline_bafaf2 _container_13aa15"
      >
        <span>
          MEMBERS
        </span>
        <span>
          運営
        </span>
      </h1>
      <ul
        class="_members_bafaf2"
      >
        <li>
          <div
            class="_img_bafaf2"
          >
            <img
              alt="しまぶー"
              data-nimg="fill"
              decoding="async"
              loading="lazy"
              sizes="100vw"
              src="/_next/image?url=%2Fpublic%2Fimg%2Fmembers%2Fshimabu.jpg&w=3840&q=75"
              srcset="/_next/image?url=%2Fpublic%2Fimg%2Fmembers%2Fshimabu.jpg&w=640&q=75 640w, /_next/image?url=%2Fpublic%2Fimg%2Fmembers%2Fshimabu.jpg&w=750&q=75 750w, /_next/image?url=%2Fpublic%2Fimg%2Fmembers%2Fshimabu.jpg&w=828&q=75 828w, /_next/image?url=%2Fpublic%2Fimg%2Fmembers%2Fshimabu.jpg&w=1080&q=75 1080w, /_next/image?url=%2Fpublic%2Fimg%2Fmembers%2Fshimabu.jpg&w=1200&q=75 1200w, /_next/image?url=%2Fpublic%2Fimg%2Fmembers%2Fshimabu.jpg&w=1920&q=75 1920w, /_next/image?url=%2Fpublic%2Fimg%2Fmembers%2Fshimabu.jpg&w=2048&q=75 2048w, /_next/image?url=%2Fpublic%2Fimg%2Fmembers%2Fshimabu.jpg&w=3840&q=75 3840w"
              style="position: absolute; height: 100%; width: 100%; left: 0px; top: 0px; right: 0px; bottom: 0px; object-fit: cover; color: transparent;"
            />
          </div>
          <h3>
            しまぶー
          </h3>
          <h4>
            国王
          </h4>
          <p
            class="sansSerif"
          >
            ITエンジニアYouTuber。神戸大学経営学部卒。未経験から独学でプログラミングを勉強し、新卒でヤフーに入社。2019年に株式会社GameHintを創業。
          </p>
        </li>
        <li>
          <div
            class="_img_bafaf2"
          >
            <img
              alt="まっつん"
              data-nimg="fill"
              decoding="async"
              loading="lazy"
              sizes="100vw"
              src="/_next/image?url=%2Fpublic%2Fimg%2Fmembers%2Fmatsu.jpg&w=3840&q=75"
              srcset="/_next/image?url=%2Fpublic%2Fimg%2Fmembers%2Fmatsu.jpg&w=640&q=75 640w, /_next/image?url=%2Fpublic%2Fimg%2Fmembers%2Fmatsu.jpg&w=750&q=75 750w, /_next/image?url=%2Fpublic%2Fimg%2Fmembers%2Fmatsu.jpg&w=828&q=75 828w, /_next/image?url=%2Fpublic%2Fimg%2Fmembers%2Fmatsu.jpg&w=1080&q=75 1080w, /_next/image?url=%2Fpublic%2Fimg%2Fmembers%2Fmatsu.jpg&w=1200&q=75 1200w, /_next/image?url=%2Fpublic%2Fimg%2Fmembers%2Fmatsu.jpg&w=1920&q=75 1920w, /_next/image?url=%2Fpublic%2Fimg%2Fmembers%2Fmatsu.jpg&w=2048&q=75 2048w, /_next/image?url=%2Fpublic%2Fimg%2Fmembers%2Fmatsu.jpg&w=3840&q=75 3840w"
              style="position: absolute; height: 100%; width: 100%; left: 0px; top: 0px; right: 0px; bottom: 0px; object-fit: cover; color: transparent;"
            />
          </div>
          <h3>
            まっつん
          </h3>
          <h4>
            相国
          </h4>
          <p
            class="sansSerif"
          >
            新卒でヤフーに入社し、決済部署でインフラ・バックエンドを担当。現在はしまぶーと一緒に起業。サロンではバックエンドを見る。
          </p>
        </li>
        <li>
          <div
            class="_img_bafaf2"
          >
            <img
              alt="いっぽ"
              data-nimg="fill"
              decoding="async"
              loading="lazy"
              sizes="100vw"
              src="/_next/image?url=%2Fpublic%2Fimg%2Fmembers%2Fippo.jpg&w=3840&q=75"
              srcset="/_next/image?url=%2Fpublic%2Fimg%2Fmembers%2Fippo.jpg&w=640&q=75 640w, /_next/image?url=%2Fpublic%2Fimg%2Fmembers%2Fippo.jpg&w=750&q=75 750w, /_next/image?url=%2Fpublic%2Fimg%2Fmembers%2Fippo.jpg&w=828&q=75 828w, /_next/image?url=%2Fpublic%2Fimg%2Fmembers%2Fippo.jpg&w=1080&q=75 1080w, /_next/image?url=%2Fpublic%2Fimg%2Fmembers%2Fippo.jpg&w=1200&q=75 1200w, /_next/image?url=%2Fpublic%2Fimg%2Fmembers%2Fippo.jpg&w=1920&q=75 1920w, /_next/image?url=%2Fpublic%2Fimg%2Fmembers%2Fippo.jpg&w=2048&q=75 2048w, /_next/image?url=%2Fpublic%2Fimg%2Fmembers%2Fippo.jpg&w=3840&q=75 3840w"
              style="position: absolute; height: 100%; width: 100%; left: 0px; top: 0px; right: 0px; bottom: 0px; object-fit: cover; color: transparent;"
            />
          </div>
          <h3>
            いっぽ
          </h3>
          <h4>
            左丞相
          </h4>
          <p
            class="sansSerif"
          >
            新卒でクックパッドに入社し現在はITベンチャーに転職。アプリ・フロントエンド・デザインに秀でており、サロンでもその分野を担当。
          </p>
        </li>
        <li>
          <div
            class="_img_bafaf2"
          >
            <img
              alt="やっさん"
              data-nimg="fill"
              decoding="async"
              loading="lazy"
              sizes="100vw"
              src="/_next/image?url=%2Fpublic%2Fimg%2Fmembers%2Fyasu.jpg&w=3840&q=75"
              srcset="/_next/image?url=%2Fpublic%2Fimg%2Fmembers%2Fyasu.jpg&w=640&q=75 640w, /_next/image?url=%2Fpublic%2Fimg%2Fmembers%2Fyasu.jpg&w=750&q=75 750w, /_next/image?url=%2Fpublic%2Fimg%2Fmembers%2Fyasu.jpg&w=828&q=75 828w, /_next/image?url=%2Fpublic%2Fimg%2Fmembers%2Fyasu.jpg&w=1080&q=75 1080w, /_next/image?url=%2Fpublic%2Fimg%2Fmembers%2Fyasu.jpg&w=1200&q=75 1200w, /_next/image?url=%2Fpublic%2Fimg%2Fmembers%2Fyasu.jpg&w=1920&q=75 1920w, /_next/image?url=%2Fpublic%2Fimg%2Fmembers%2Fyasu.jpg&w=2048&q=75 2048w, /_next/image?url=%2Fpublic%2Fimg%2Fmembers%2Fyasu.jpg&w=3840&q=75 3840w"
              style="position: absolute; height: 100%; width: 100%; left: 0px; top: 0px; right: 0px; bottom: 0px; object-fit: cover; color: transparent;"
            />
          </div>
          <h3>
            やっさん
          </h3>
          <h4>
            右丞相
          </h4>
          <p
            class="sansSerif"
          >
            某有名企業の現役エンジニア。幅広いエンジニアリングの知識を持っている。サロンでは分野を問わず幅広く担当する。
          </p>
        </li>
      </ul>
    </section>
    <div
      class="_container_3855d7"
    >
      <div
        class="_img_3855d7"
      >
        <img
          alt="Background"
          data-nimg="1"
          decoding="async"
          height="1418"
          loading="eager"
          src="/_next/image?url=%2Fimg%2Fmessage.png&w=3840&q=75"
          srcset="/_next/image?url=%2Fimg%2Fmessage.png&w=3840&q=75 1x"
          style="color: transparent; width: 100%; height: auto;"
          width="2560"
        />
      </div>
      <section
        class="_container_f0f85f"
      >
        <div
          class="_backgroundText_f0f85f"
        >
          <h1
            class="_headline_f0f85f _container_13aa15 _coloredTitle_13aa15"
          >
            <span>
              MESSAGE
            </span>
            <span>
              国王のメッセージ
            </span>
          </h1>
          <div
            class="_text_f0f85f"
          >
            <p
              class="sansSerif"
            >
              IT KINGDOMはただプログラミングを教えるだけのサロンではありません。
              学んで終わりではなくプロダクトをリリースし、実際にビジネスとして展開していきます。
              そこで得た収益をサロンに還元する、それが私が目指す世界です。
            </p>
            <p
              class="sansSerif"
            >
              私はその実現に向けてサロンメンバーのIT力向上に注力します。
              ITエンジニアを目指す方も多いと思われますが、サロンではそのサポートもいたします。
              みなさんがIT企業に就職し、更にスキルアップして、また一緒に開発できることを願っています。
            </p>
            <p
              class="sansSerif"
            >
              オンラインサロンでITのビジネスを行うのは前例の殆どない最先端な取り組みです。
              私も不安ではありますが、そういった不安も一緒に楽しめる方に入っていただけると嬉しいです。
              個々の進化はもちろん、コミュニティの進化も目指して、一緒に最高のモノづくりをしましょう。
            </p>
          </div>
        </div>
      </section>
      <section
        class="_container_496bc5"
      >
        <h1
          class="_headline_496bc5 _container_13aa15"
        >
          <span>
            PRICE
          </span>
          <span>
            料金
          </span>
        </h1>
        <div>
          <div
            class="_price_496bc5"
          >
            <span
              class="sansSerif"
            >
              月額（税込3,278円）
            </span>
            <h2>
              2,980
              <span>
                円
              </span>
            </h2>
          </div>
          <p
            class="sansSerif _note_496bc5"
          >
            外部のサービス利用料はすべて含まれています。
            領収書は毎月メールでお届けいたします。
          </p>
        </div>
      </section>
      <section
        class="_container_32a0d0"
      >
        <h1
          class="_headline_32a0d0 _container_13aa15"
        >
          <span>
            HOW TO ENTRY
          </span>
          <span>
            入国方法
          </span>
        </h1>
        <ul
          style="background-image: url("img/ink.png");"
        >
          <li
            class="_step_32a0d0"
          >
            <div>
              <span>
                STEP
              </span>
              <span>
                1
              </span>
            </div>
            <h2>
              入国手続きを行う
            </h2>
            <p
              class="sansSerif"
            >
              サロンに参加するにはページ上部または下部にある「入国手続きを行う」ボタンから行えます。その後、GitHubまたはGoogleのアカウント連携を行ってください。
            </p>
          </li>
          <li
            class="_step_32a0d0"
          >
            <div>
              <span>
                STEP
              </span>
              <span>
                2
              </span>
            </div>
            <h2>
              月会費をお支払いする
            </h2>
            <p
              class="sansSerif"
            >
              連携後に会費をお支払いする画面に遷移しますので、指定の方法でお支払い手続きをお済ませください。もしエラーが出る場合はブラウザを変えてお試しください。
            </p>
          </li>
          <li
            class="_step_32a0d0"
          >
            <div>
              <span>
                STEP
              </span>
              <span>
                3
              </span>
            </div>
            <h2>
              各種サービスへご招待
            </h2>
            <p
              class="sansSerif"
            >
              当サロンでは「Slack」「GitHub」を使用します。Slackは1日以内を目安に招待メールをお送りします。GitHubはサロンのマイページからGitHub連携を行い、招待メールを送ることで利用できるようになります。
            </p>
          </li>
          <li
            class="_step_32a0d0"
          >
            <div>
              <span>
                STEP
              </span>
              <span>
                4
              </span>
            </div>
            <h2>
              入国完了
            </h2>
            <p
              class="sansSerif"
            >
              以上で入国手続きは完了です。あとはご自身の目標実現のためにスキルアップに励むも良し。ときにはコミュニティの成長のためにサロンに尽くすも良し。楽しい IT KINGDOM ライフの始まりです！
            </p>
          </li>
        </ul>
        <a
          class="_button_32a0d0"
          href="https://qin.salon/signup"
          rel="noopener noreferrer"
          target="_blank"
        >
          <img
            alt="Entry button"
            data-nimg="1"
            decoding="async"
            height="103"
            loading="eager"
            src="/_next/image?url=%2Fimg%2Fentry-btn.png&w=1080&q=75"
            srcset="/_next/image?url=%2Fimg%2Fentry-btn.png&w=640&q=75 1x, /_next/image?url=%2Fimg%2Fentry-btn.png&w=1080&q=75 2x"
            style="color: transparent;"
            width="480"
          />
        </a>
      </section>
    </div>
  </main>
  <footer
    class="sansSerif _container_084d48"
  >
    <ul
      class="_links_084d48"
    >
      <li
        class="_link_084d48"
      >
        <a
          href="/support/terms"
        >
          利用規約
        </a>
      </li>
      <li
        class="_link_084d48"
      >
        <a
          href="/support/privacy-policy"
        >
          プライバシーポリシー
        </a>
      </li>
      <li
        class="_link_084d48"
      >
        <a
          href="/support/commerce"
        >
          特定商取引法に基づく表記
        </a>
      </li>
      <li
        class="_link_084d48"
      >
        <a
          href="https://docs.google.com/forms/d/e/1FAIpQLSf7lYhGHmnl2KTPXsArv5KCoZvlwX7pMF7EZrDXSgWQWnJDhw/viewform"
          rel="noopener noreferrer"
          target="_blank"
        >
          お問い合わせ
        </a>
      </li>
    </ul>
    <small
      class="_copyright_084d48"
      lang="en"
    >
      @ 2020 IT KINGDOM
    </small>
  </footer>
</DocumentFragment>
`;
