// Jest Snapshot v1, https://goo.gl/fbAQLP

exports[`IndexPage matches snapshot 1`] = `
<DocumentFragment>
  <header
    class="container"
  >
    <h1>
      <a
        href="/"
      >
        <div
          style="display: inline-block; max-width: 100%; overflow: hidden; position: relative; box-sizing: border-box; margin: 0px;"
        >
          <div
            style="box-sizing: border-box; display: block; max-width: 100%;"
          >
            <img
              alt=""
              aria-hidden="true"
              role="presentation"
              src="data:image/svg+xml;base64,PHN2ZyB3aWR0aD0iMTgwIiBoZWlnaHQ9IjM4IiB4bWxucz0iaHR0cDovL3d3dy53My5vcmcvMjAwMC9zdmciIHZlcnNpb249IjEuMSIvPg=="
              style="max-width: 100%; display: block;"
            />
          </div>
          <img
            alt="IT KINGDOM logo"
            decoding="async"
            src="/_next/image?url=%2Fimg%2Flogo.png&w=768&q=75"
            srcset="/_next/image?url=%2Fimg%2Flogo.png&w=320&q=75 1x, /_next/image?url=%2Fimg%2Flogo.png&w=420&q=75 2x, /_next/image?url=%2Fimg%2Flogo.png&w=768&q=75 3x"
            style="visibility: visible; position: absolute; top: 0px; left: 0px; bottom: 0px; right: 0px; box-sizing: border-box; padding: 0px; margin: auto; display: block; width: 0px; height: 0px; min-width: 100%; max-width: 100%; min-height: 100%; max-height: 100%;"
          />
        </div>
      </a>
    </h1>
    <nav
      class="sansSerif nav"
    >
      <ul>
        <li>
          <a
            href="/faq"
          >
            よくある質問
          </a>
        </li>
        <li>
          <a
            href="https://qin.salon/signup"
            rel="noopener noreferrer"
            target="_blank"
          >
            入国手続
          </a>
        </li>
      </ul>
    </nav>
  </header>
  <main
    class="container"
  >
    <section
      class="jsx-3651463820 container"
    >
      <picture
        class="jsx-3651463820 img"
      >
        <source
          class="jsx-3651463820"
          media="(max-width:768px)"
          srcset=" img/hero/sp-400.webp 400w, img/hero/sp-500.webp 500w, img/hero/sp-600.webp 600w, img/hero/sp-768.webp 768w, img/hero/sp.webp"
          type="image/webp"
        />
        <source
          class="jsx-3651463820"
          srcset=" img/hero/pc-980.webp 980w, img/hero/pc-1200.webp 1200w, img/hero/pc-1680.webp 1680w, img/hero/pc-2000.webp 2000w, img/hero/pc-2560.webp 2560w, img/hero/pc.webp"
          type="image/webp"
        />
        <source
          class="jsx-3651463820"
          media="(max-width:768px)"
          srcset=" img/hero/sp-400.png 400w, img/hero/sp-500.png 500w, img/hero/sp-600.png 600w, img/hero/sp-768.png 768w, img/hero/sp.png"
          type="image/png"
        />
        <source
          class="jsx-3651463820"
          srcset=" img/hero/pc-980.png 980w, img/hero/pc-1200.png 1200w, img/hero/pc-1680.png 1680w, img/hero/pc-2000.png 2000w, img/hero/pc-2560.png 2560w, img/hero/pc.png"
          type="image/png"
        />
        <img
          alt="King shimabu and soldiers"
          class="jsx-3651463820"
          src="img/hero/pc.png"
        />
      </picture>
      <div
        class="jsx-3651463820"
      >
        <h1
          class="jsx-3651463820 text"
        >
          <div
            class="jsx-3651463820 line"
          >
            <span
              class="jsx-3651463820"
            >
              チャンネル登録者
            </span>
            <span
              class="jsx-3651463820 number number"
            >
              7万人
            </span>
            <span
              class="jsx-3651463820"
            >
              の
            </span>
          </div>
          <div
            class="jsx-3651463820 line"
          >
            <span
              class="jsx-3651463820"
            >
              エンジニア
            </span>
            <span
              class="jsx-3651463820 strong"
            >
              YouTuber
            </span>
            <span
              class="jsx-3651463820"
            >
              がおくる
            </span>
          </div>
          <div
            class="jsx-3651463820 line"
          >
            <span
              class="jsx-3651463820 strong"
            >
              オンラインサロン
            </span>
          </div>
        </h1>
        <div
          class="jsx-3651463820 itk"
        >
          <div
            style="display: block; overflow: hidden; position: relative; box-sizing: border-box; margin: 0px;"
          >
            <div
              style="display: block; box-sizing: border-box; padding-top: 44.7294776119403%;"
            />
            <img
              alt="IT KINGDOM"
              decoding="async"
              sizes="(min-width: 1200px) 1200px"
              src="/_next/image?url=%2Fimg%2Fhero%2Fit-kingdom.png&w=1200&q=75"
              srcset="/_next/image?url=%2Fimg%2Fhero%2Fit-kingdom.png&w=320&q=75 320w, /_next/image?url=%2Fimg%2Fhero%2Fit-kingdom.png&w=420&q=75 420w, /_next/image?url=%2Fimg%2Fhero%2Fit-kingdom.png&w=768&q=75 768w, /_next/image?url=%2Fimg%2Fhero%2Fit-kingdom.png&w=1024&q=75 1024w, /_next/image?url=%2Fimg%2Fhero%2Fit-kingdom.png&w=1200&q=75 1200w"
              style="visibility: visible; position: absolute; top: 0px; left: 0px; bottom: 0px; right: 0px; box-sizing: border-box; padding: 0px; margin: auto; display: block; width: 0px; height: 0px; min-width: 100%; max-width: 100%; min-height: 100%; max-height: 100%;"
            />
          </div>
        </div>
        <a
          class="jsx-3651463820 button"
          href="https://qin.salon/signup"
          rel="noopener noreferrer"
          target="_blank"
        >
          <div
            style="display: inline-block; max-width: 100%; overflow: hidden; position: relative; box-sizing: border-box; margin: 0px;"
          >
            <div
              style="box-sizing: border-box; display: block; max-width: 100%;"
            >
              <img
                alt=""
                aria-hidden="true"
                role="presentation"
                src="data:image/svg+xml;base64,PHN2ZyB3aWR0aD0iNDgwIiBoZWlnaHQ9IjEwMyIgeG1sbnM9Imh0dHA6Ly93d3cudzMub3JnLzIwMDAvc3ZnIiB2ZXJzaW9uPSIxLjEiLz4="
                style="max-width: 100%; display: block;"
              />
            </div>
            <img
              alt="Entry button"
              decoding="async"
              src="/_next/image?url=%2Fimg%2Fentry-btn.png&w=1200&q=75"
              srcset="/_next/image?url=%2Fimg%2Fentry-btn.png&w=768&q=75 1x, /_next/image?url=%2Fimg%2Fentry-btn.png&w=1024&q=75 2x, /_next/image?url=%2Fimg%2Fentry-btn.png&w=1200&q=75 3x"
              style="visibility: visible; position: absolute; top: 0px; left: 0px; bottom: 0px; right: 0px; box-sizing: border-box; padding: 0px; margin: auto; display: block; width: 0px; height: 0px; min-width: 100%; max-width: 100%; min-height: 100%; max-height: 100%;"
            />
          </div>
        </a>
      </div>
    </section>
    <section
      class="container"
    >
      <h1>
        CONCEPT VIDEO
      </h1>
      <div
        class="responsiveVideo"
      >
        <iframe
          allow="accelerometer; autoplay; encrypted-media; gyroscope; picture-in-picture"
          allowfullscreen=""
          frameborder="0"
          height="528.75"
          loading="lazy"
          title="Concept video"
          width="940"
        />
      </div>
      <div
        class="smoke"
      >
        <div
          style="display: block; overflow: hidden; position: relative; box-sizing: border-box; margin: 0px;"
        >
          <div
            style="display: block; box-sizing: border-box; padding-top: 47.96875%;"
          />
          <img
            alt="Background"
            decoding="async"
            sizes="(max-width: 320px) 320px, (max-width: 420px) 420px, (max-width: 768px) 768px, (max-width: 1024px) 1024px, 1200px"
            src="/_next/image?url=%2Fimg%2Fsmoke.png&w=1200&q=75"
            srcset="/_next/image?url=%2Fimg%2Fsmoke.png&w=320&q=75 320w, /_next/image?url=%2Fimg%2Fsmoke.png&w=420&q=75 420w, /_next/image?url=%2Fimg%2Fsmoke.png&w=768&q=75 768w, /_next/image?url=%2Fimg%2Fsmoke.png&w=1024&q=75 1024w, /_next/image?url=%2Fimg%2Fsmoke.png&w=1200&q=75 1200w"
            style="visibility: visible; position: absolute; top: 0px; left: 0px; bottom: 0px; right: 0px; box-sizing: border-box; padding: 0px; margin: auto; display: block; width: 0px; height: 0px; min-width: 100%; max-width: 100%; min-height: 100%; max-height: 100%;"
          />
        </div>
      </div>
    </section>
    <section
      class="container"
    >
      <div
        class="nextImg icon front"
      >
        <div
          style="display: inline-block; max-width: 100%; overflow: hidden; position: relative; box-sizing: border-box; margin: 0px;"
        >
          <div
            style="box-sizing: border-box; display: block; max-width: 100%;"
          >
            <img
              alt=""
              aria-hidden="true"
              role="presentation"
              src="data:image/svg+xml;base64,PHN2ZyB3aWR0aD0iNjAiIGhlaWdodD0iNTYiIHhtbG5zPSJodHRwOi8vd3d3LnczLm9yZy8yMDAwL3N2ZyIgdmVyc2lvbj0iMS4xIi8+"
              style="max-width: 100%; display: block;"
            />
          </div>
          <img
            alt="Vision section's icon"
            decoding="async"
            src="/_next/image?url=%2Fimg%2Fvision%2Fweapon.png&w=320&q=75"
            srcset="/_next/image?url=%2Fimg%2Fvision%2Fweapon.png&w=320&q=75 1x"
            style="visibility: visible; position: absolute; top: 0px; left: 0px; bottom: 0px; right: 0px; box-sizing: border-box; padding: 0px; margin: auto; display: block; width: 0px; height: 0px; min-width: 100%; max-width: 100%; min-height: 100%; max-height: 100%;"
          />
        </div>
      </div>
      <h1
        class="title front"
      >
        <strong>
          最高
        </strong>
        の
        <span>
          プロダクト
        </span>
        を生み出す
        <br />
        <strong>
          最強
        </strong>
        の
        <span>
          コミュニティ
        </span>
        をつくりたい
      </h1>
      <p
        class="sansSerif paragraph front"
      >
        私はこのサロンからたくさんのユーザーに使われるプロダクトを生み出したいと思っています。
みんなで一緒にスキルアップしておもしろいプロダクトを開発しましょう。
      </p>
      <div
        class="first"
      >
        <h2>
          そのために
          <strong>
            私
          </strong>
          がやること
        </h2>
        <p
          class="sansSerif"
        >
          プロダクトを作るために必要なプログラミングスキルを伝授します。
          <br />
          必要に応じてデザイン・マーケティング・プレゼンテーション・アイディア出しなどの講座も行います。
        </p>
        <div
          class="nextImg goldTopLeft"
        >
          <div
            style="display: inline-block; max-width: 100%; overflow: hidden; position: relative; box-sizing: border-box; margin: 0px;"
          >
            <div
              style="box-sizing: border-box; display: block; max-width: 100%;"
            >
              <img
                alt=""
                aria-hidden="true"
                role="presentation"
                src="data:image/svg+xml;base64,PHN2ZyB3aWR0aD0iMzMzIiBoZWlnaHQ9IjIyMiIgeG1sbnM9Imh0dHA6Ly93d3cudzMub3JnLzIwMDAvc3ZnIiB2ZXJzaW9uPSIxLjEiLz4="
                style="max-width: 100%; display: block;"
              />
            </div>
            <img
              alt="Background"
              decoding="async"
              src="/_next/image?url=%2Fimg%2Fvision%2Fgold-top-left.png&w=1024&q=75"
              srcset="/_next/image?url=%2Fimg%2Fvision%2Fgold-top-left.png&w=420&q=75 1x, /_next/image?url=%2Fimg%2Fvision%2Fgold-top-left.png&w=768&q=75 2x, /_next/image?url=%2Fimg%2Fvision%2Fgold-top-left.png&w=1024&q=75 3x"
              style="visibility: visible; position: absolute; top: 0px; left: 0px; bottom: 0px; right: 0px; box-sizing: border-box; padding: 0px; margin: auto; display: block; width: 0px; height: 0px; min-width: 100%; max-width: 100%; min-height: 100%; max-height: 100%;"
            />
          </div>
        </div>
        <div
          class="nextImg shimabuUdegumi"
        >
          <div
            style="display: inline-block; max-width: 100%; overflow: hidden; position: relative; box-sizing: border-box; margin: 0px;"
          >
            <div
              style="box-sizing: border-box; display: block; max-width: 100%;"
            >
              <img
                alt=""
                aria-hidden="true"
                role="presentation"
                src="data:image/svg+xml;base64,PHN2ZyB3aWR0aD0iMjE5IiBoZWlnaHQ9IjI4NiIgeG1sbnM9Imh0dHA6Ly93d3cudzMub3JnLzIwMDAvc3ZnIiB2ZXJzaW9uPSIxLjEiLz4="
                style="max-width: 100%; display: block;"
              />
            </div>
            <img
              alt="Shimabu"
              decoding="async"
              src="/_next/image?url=%2Fimg%2Fvision%2Fshimabu_udegumi.png&w=768&q=75"
              srcset="/_next/image?url=%2Fimg%2Fvision%2Fshimabu_udegumi.png&w=320&q=75 1x, /_next/image?url=%2Fimg%2Fvision%2Fshimabu_udegumi.png&w=768&q=75 2x"
              style="visibility: visible; position: absolute; top: 0px; left: 0px; bottom: 0px; right: 0px; box-sizing: border-box; padding: 0px; margin: auto; display: block; width: 0px; height: 0px; min-width: 100%; max-width: 100%; min-height: 100%; max-height: 100%;"
            />
          </div>
        </div>
      </div>
      <div
        class="second"
      >
        <h2>
          <strong>
            みんな
          </strong>
          にやってもらうこと
        </h2>
        <p
          class="sansSerif"
        >
          最高のプロダクトが作れるように、各自スキルアップに励む必要があります。
          <br />
          学んだことは積極的にアウトプットを行い、コミュニティ全体を強くしていきましょう。
        </p>
        <div
          class="nextImg goldBottomRight"
        >
          <div
            style="display: inline-block; max-width: 100%; overflow: hidden; position: relative; box-sizing: border-box; margin: 0px;"
          >
            <div
              style="box-sizing: border-box; display: block; max-width: 100%;"
            >
              <img
                alt=""
                aria-hidden="true"
                role="presentation"
                src="data:image/svg+xml;base64,PHN2ZyB3aWR0aD0iMzMzIiBoZWlnaHQ9IjIyMiIgeG1sbnM9Imh0dHA6Ly93d3cudzMub3JnLzIwMDAvc3ZnIiB2ZXJzaW9uPSIxLjEiLz4="
                style="max-width: 100%; display: block;"
              />
            </div>
            <img
              alt="Background"
              decoding="async"
              src="/_next/image?url=%2Fimg%2Fvision%2Fgold-bottom-right.png&w=1024&q=75"
              srcset="/_next/image?url=%2Fimg%2Fvision%2Fgold-bottom-right.png&w=420&q=75 1x, /_next/image?url=%2Fimg%2Fvision%2Fgold-bottom-right.png&w=768&q=75 2x, /_next/image?url=%2Fimg%2Fvision%2Fgold-bottom-right.png&w=1024&q=75 3x"
              style="visibility: visible; position: absolute; top: 0px; left: 0px; bottom: 0px; right: 0px; box-sizing: border-box; padding: 0px; margin: auto; display: block; width: 0px; height: 0px; min-width: 100%; max-width: 100%; min-height: 100%; max-height: 100%;"
            />
          </div>
        </div>
        <div
          class="nextImg goldTopLeft"
        >
          <div
            style="display: inline-block; max-width: 100%; overflow: hidden; position: relative; box-sizing: border-box; margin: 0px;"
          >
            <div
              style="box-sizing: border-box; display: block; max-width: 100%;"
            >
              <img
                alt=""
                aria-hidden="true"
                role="presentation"
                src="data:image/svg+xml;base64,PHN2ZyB3aWR0aD0iMzMzIiBoZWlnaHQ9IjIyMiIgeG1sbnM9Imh0dHA6Ly93d3cudzMub3JnLzIwMDAvc3ZnIiB2ZXJzaW9uPSIxLjEiLz4="
                style="max-width: 100%; display: block;"
              />
            </div>
            <img
              alt="Background"
              decoding="async"
              src="/_next/image?url=%2Fimg%2Fvision%2Fgold-top-left.png&w=1024&q=75"
              srcset="/_next/image?url=%2Fimg%2Fvision%2Fgold-top-left.png&w=420&q=75 1x, /_next/image?url=%2Fimg%2Fvision%2Fgold-top-left.png&w=768&q=75 2x, /_next/image?url=%2Fimg%2Fvision%2Fgold-top-left.png&w=1024&q=75 3x"
              style="visibility: visible; position: absolute; top: 0px; left: 0px; bottom: 0px; right: 0px; box-sizing: border-box; padding: 0px; margin: auto; display: block; width: 0px; height: 0px; min-width: 100%; max-width: 100%; min-height: 100%; max-height: 100%;"
            />
          </div>
        </div>
        <div
          class="nextImg soldiers"
        >
          <div
            style="display: inline-block; max-width: 100%; overflow: hidden; position: relative; box-sizing: border-box; margin: 0px;"
          >
            <div
              style="box-sizing: border-box; display: block; max-width: 100%;"
            >
              <img
                alt=""
                aria-hidden="true"
                role="presentation"
                src="data:image/svg+xml;base64,PHN2ZyB3aWR0aD0iMzg1IiBoZWlnaHQ9IjI1NSIgeG1sbnM9Imh0dHA6Ly93d3cudzMub3JnLzIwMDAvc3ZnIiB2ZXJzaW9uPSIxLjEiLz4="
                style="max-width: 100%; display: block;"
              />
            </div>
            <img
              alt="Salon members"
              decoding="async"
              src="/_next/image?url=%2Fimg%2Fvision%2Fsoldiers.png&w=1200&q=75"
              srcset="/_next/image?url=%2Fimg%2Fvision%2Fsoldiers.png&w=420&q=75 1x, /_next/image?url=%2Fimg%2Fvision%2Fsoldiers.png&w=1024&q=75 2x, /_next/image?url=%2Fimg%2Fvision%2Fsoldiers.png&w=1200&q=75 3x"
              style="visibility: visible; position: absolute; top: 0px; left: 0px; bottom: 0px; right: 0px; box-sizing: border-box; padding: 0px; margin: auto; display: block; width: 0px; height: 0px; min-width: 100%; max-width: 100%; min-height: 100%; max-height: 100%;"
            />
          </div>
        </div>
      </div>
      <small
        class="sansSerif note"
      >
        ※ プロジェクトの動きや中の様子を見たいだけの方もご参加いただけます。
      </small>
      <span
        class="common sai"
      >
        最
      </span>
      <span
        class="common kou"
      >
        高
      </span>
      <span
        class="common kyou"
      >
        強
      </span>
    </section>
    <section
      class="container"
    >
      <h1>
        CONTENTS
      </h1>
      <ul>
        <li
          class="content"
          style="background-image: url(/img/ink.png);"
        >
          <div
            class="img"
          >
            <div
              style="display: inline-block; max-width: 100%; overflow: hidden; position: relative; box-sizing: border-box; margin: 0px;"
            >
              <div
                style="box-sizing: border-box; display: block; max-width: 100%;"
              >
                <img
                  alt=""
                  aria-hidden="true"
                  role="presentation"
                  src="data:image/svg+xml;base64,PHN2ZyB3aWR0aD0iMjIwIiBoZWlnaHQ9IjIzMCIgeG1sbnM9Imh0dHA6Ly93d3cudzMub3JnLzIwMDAvc3ZnIiB2ZXJzaW9uPSIxLjEiLz4="
                  style="max-width: 100%; display: block;"
                />
              </div>
              <img
                alt="プロダクト開発"
                decoding="async"
                src="/_next/image?url=%2Fimg%2Fcontents%2Fprogramming.png&w=768&q=75"
                srcset="/_next/image?url=%2Fimg%2Fcontents%2Fprogramming.png&w=320&q=75 1x, /_next/image?url=%2Fimg%2Fcontents%2Fprogramming.png&w=768&q=75 2x"
                style="visibility: visible; position: absolute; top: 0px; left: 0px; bottom: 0px; right: 0px; box-sizing: border-box; padding: 0px; margin: auto; display: block; width: 0px; height: 0px; min-width: 100%; max-width: 100%; min-height: 100%; max-height: 100%;"
              />
            </div>
          </div>
          <h2>
            <span>
              01. 
            </span>
            プロダクト開発
          </h2>
          <p
            class="sansSerif"
          >
            私と運営の現役エンジニアが新規事業のプロジェクトをたてます。プロジェクトのコードはみんなが読めるようにGitHubを使用し、適宜コードの解説も行います。開発に参加したい方は、実際にコードを書いてチーム開発の実戦を経験していただくことも可能です。
          </p>
        </li>
        <li
          class="content"
        >
          <div
            class="img"
          >
            <div
              style="display: inline-block; max-width: 100%; overflow: hidden; position: relative; box-sizing: border-box; margin: 0px;"
            >
              <div
                style="box-sizing: border-box; display: block; max-width: 100%;"
              >
                <img
                  alt=""
                  aria-hidden="true"
                  role="presentation"
                  src="data:image/svg+xml;base64,PHN2ZyB3aWR0aD0iMjIwIiBoZWlnaHQ9IjIzMCIgeG1sbnM9Imh0dHA6Ly93d3cudzMub3JnLzIwMDAvc3ZnIiB2ZXJzaW9uPSIxLjEiLz4="
                  style="max-width: 100%; display: block;"
                />
              </div>
              <img
                alt="気軽に質問"
                decoding="async"
                src="/_next/image?url=%2Fimg%2Fcontents%2Fqast.png&w=768&q=75"
                srcset="/_next/image?url=%2Fimg%2Fcontents%2Fqast.png&w=320&q=75 1x, /_next/image?url=%2Fimg%2Fcontents%2Fqast.png&w=768&q=75 2x"
                style="visibility: visible; position: absolute; top: 0px; left: 0px; bottom: 0px; right: 0px; box-sizing: border-box; padding: 0px; margin: auto; display: block; width: 0px; height: 0px; min-width: 100%; max-width: 100%; min-height: 100%; max-height: 100%;"
              />
            </div>
          </div>
          <h2>
            <span>
              02. 
            </span>
            気軽に質問
          </h2>
          <p
            class="sansSerif"
          >
            Qastという外部サービスを使用します。Qastには匿名で質問を行う機能があり「何度も質問するのは気が引ける」「初歩的すぎて聞くのが恥ずかしい」という方も気兼ねなく質問できます。また誰でも回答が可能で、回答していくことでポイントが溜まります。ポイントにより回答率が高まることが期待され、質問者の疑問がすぐに解決します。
          </p>
        </li>
        <li
          class="content"
          style="background-image: url(/img/ink.png);"
        >
          <div
            class="img"
          >
            <div
              style="display: inline-block; max-width: 100%; overflow: hidden; position: relative; box-sizing: border-box; margin: 0px;"
            >
              <div
                style="box-sizing: border-box; display: block; max-width: 100%;"
              >
                <img
                  alt=""
                  aria-hidden="true"
                  role="presentation"
                  src="data:image/svg+xml;base64,PHN2ZyB3aWR0aD0iMjIwIiBoZWlnaHQ9IjIzMCIgeG1sbnM9Imh0dHA6Ly93d3cudzMub3JnLzIwMDAvc3ZnIiB2ZXJzaW9uPSIxLjEiLz4="
                  style="max-width: 100%; display: block;"
                />
              </div>
              <img
                alt="ブログ & アウトプット"
                decoding="async"
                src="/_next/image?url=%2Fimg%2Fcontents%2Fblog.png&w=768&q=75"
                srcset="/_next/image?url=%2Fimg%2Fcontents%2Fblog.png&w=320&q=75 1x, /_next/image?url=%2Fimg%2Fcontents%2Fblog.png&w=768&q=75 2x"
                style="visibility: visible; position: absolute; top: 0px; left: 0px; bottom: 0px; right: 0px; box-sizing: border-box; padding: 0px; margin: auto; display: block; width: 0px; height: 0px; min-width: 100%; max-width: 100%; min-height: 100%; max-height: 100%;"
              />
            </div>
          </div>
          <h2>
            <span>
              03. 
            </span>
            ブログ & アウトプット
          </h2>
          <p
            class="sansSerif"
          >
            Qastにはブログ機能も備わっており誰でもブログを書くことができます。外部だと心無い指摘が怖いかもしれませんが、当サロンではみんなが優しく教えてくれますので気軽にアウトプットできます。また私も「しまぶーのIT大学」で使う動画の内容を文章として残したり、学びになる記事を書いていく予定です。
          </p>
        </li>
        <li
          class="content"
        >
          <div
            class="img"
          >
            <div
              style="display: inline-block; max-width: 100%; overflow: hidden; position: relative; box-sizing: border-box; margin: 0px;"
            >
              <div
                style="box-sizing: border-box; display: block; max-width: 100%;"
              >
                <img
                  alt=""
                  aria-hidden="true"
                  role="presentation"
                  src="data:image/svg+xml;base64,PHN2ZyB3aWR0aD0iMjIwIiBoZWlnaHQ9IjIzMCIgeG1sbnM9Imh0dHA6Ly93d3cudzMub3JnLzIwMDAvc3ZnIiB2ZXJzaW9uPSIxLjEiLz4="
                  style="max-width: 100%; display: block;"
                />
              </div>
              <img
                alt="IT業界研究"
                decoding="async"
                src="/_next/image?url=%2Fimg%2Fcontents%2Fnews.png&w=768&q=75"
                srcset="/_next/image?url=%2Fimg%2Fcontents%2Fnews.png&w=320&q=75 1x, /_next/image?url=%2Fimg%2Fcontents%2Fnews.png&w=768&q=75 2x"
                style="visibility: visible; position: absolute; top: 0px; left: 0px; bottom: 0px; right: 0px; box-sizing: border-box; padding: 0px; margin: auto; display: block; width: 0px; height: 0px; min-width: 100%; max-width: 100%; min-height: 100%; max-height: 100%;"
              />
            </div>
          </div>
          <h2>
            <span>
              04. 
            </span>
            IT業界研究
          </h2>
          <p
            class="sansSerif"
          >
            優れたITエンジニアになるためには、IT業界のトレンドを知る必要があります。私が重要なITニュースをサロン内で共有したり、時事ネタを解説しますので、みんなで議論しましょう。また就職や転職に必要な業界研究や情報共有をサロンメンバーと一緒に行っていきます。
          </p>
        </li>
        <li
          class="content"
          style="background-image: url(/img/ink.png);"
        >
          <div
            class="img"
          >
            <div
              style="display: inline-block; max-width: 100%; overflow: hidden; position: relative; box-sizing: border-box; margin: 0px;"
            >
              <div
                style="box-sizing: border-box; display: block; max-width: 100%;"
              >
                <img
                  alt=""
                  aria-hidden="true"
                  role="presentation"
                  src="data:image/svg+xml;base64,PHN2ZyB3aWR0aD0iMjIwIiBoZWlnaHQ9IjIzMCIgeG1sbnM9Imh0dHA6Ly93d3cudzMub3JnLzIwMDAvc3ZnIiB2ZXJzaW9uPSIxLjEiLz4="
                  style="max-width: 100%; display: block;"
                />
              </div>
              <img
                alt="楽しめるコミュニティ"
                decoding="async"
                src="/_next/image?url=%2Fimg%2Fcontents%2Fcommunity.png&w=768&q=75"
                srcset="/_next/image?url=%2Fimg%2Fcontents%2Fcommunity.png&w=320&q=75 1x, /_next/image?url=%2Fimg%2Fcontents%2Fcommunity.png&w=768&q=75 2x"
                style="visibility: visible; position: absolute; top: 0px; left: 0px; bottom: 0px; right: 0px; box-sizing: border-box; padding: 0px; margin: auto; display: block; width: 0px; height: 0px; min-width: 100%; max-width: 100%; min-height: 100%; max-height: 100%;"
              />
            </div>
          </div>
          <h2>
            <span>
              05. 
            </span>
            楽しめるコミュニティ
          </h2>
          <p
            class="sansSerif"
          >
            ただ学ぶだけではなく楽しめるサロンにします。Slackを用いて頻繁に交流の場を設けます。一緒に勉強するもくもく会、ライブ配信で質疑応答や雑談、オンライン飲み会、オフラインでの交流会など、色んなイベントを予定しています。
          </p>
          <ul>
            <li
              class="sansSerif"
            >
              ※ オフラインイベントは新型コロナウイルス感染症の影響が落ち着いてから計画いたします。
            </li>
          </ul>
        </li>
      </ul>
      <div
        class="more"
      >
        <h2
          class="headline container coloredTitle"
        >
          <span>
            AND MORE
          </span>
          <span>
            他にも企画中
          </span>
        </h2>
        <p
          class="sansSerif"
        >
          当サロンは最善を求めて常に進化していきます。
          良いアイディアを一緒に考えみんなで成長させていければと思っております。
          ここに書いてあること以外にもおもしろいことは積極的にやりましょう。
        </p>
      </div>
    </section>
    <section
      class="container"
    >
      <div
        class="title_step"
      >
        <h1
          class="title"
        >
          <span>
            訓練
          </span>
          <span>
            STEP UP
          </span>
        </h1>
        <div
          class="step"
        >
          <div
            style="display: inline-block; max-width: 100%; overflow: hidden; position: relative; box-sizing: border-box; margin: 0px;"
          >
            <div
              style="box-sizing: border-box; display: block; max-width: 100%;"
            >
              <img
                alt=""
                aria-hidden="true"
                role="presentation"
                src="data:image/svg+xml;base64,PHN2ZyB3aWR0aD0iMzQwIiBoZWlnaHQ9IjU1MCIgeG1sbnM9Imh0dHA6Ly93d3cudzMub3JnLzIwMDAvc3ZnIiB2ZXJzaW9uPSIxLjEiLz4="
                style="max-width: 100%; display: block;"
              />
            </div>
            <img
              alt="Curriculum"
              decoding="async"
              src="/_next/image?url=%2Fimg%2Fstep.png&w=1024&q=75"
              srcset="/_next/image?url=%2Fimg%2Fstep.png&w=420&q=75 1x, /_next/image?url=%2Fimg%2Fstep.png&w=768&q=75 2x, /_next/image?url=%2Fimg%2Fstep.png&w=1024&q=75 3x"
              style="visibility: visible; position: absolute; top: 0px; left: 0px; bottom: 0px; right: 0px; box-sizing: border-box; padding: 0px; margin: auto; display: block; width: 0px; height: 0px; min-width: 100%; max-width: 100%; min-height: 100%; max-height: 100%;"
            />
          </div>
        </div>
      </div>
      <ul
        class="text"
      >
        <li>
          <h2>
            Lv.1  隊員〜什長
          </h2>
          <p
            class="sansSerif"
          >
            まずはプログラミングの基礎知識を身につけよう。気軽に質問できる環境に加え、ライブ講座なども実施します。
          </p>
        </li>
        <li>
          <h2>
            Lv.2  百人将〜千人将
          </h2>
          <p
            class="sansSerif"
          >
            実際に開発に参加しよう。適宜コード解説も行い、まずはコードを読めるようにします。その後は実際にコードを書いてみましょう。
          </p>
        </li>
        <li>
          <h2>
            Lv.3  二千人将〜五千人将
          </h2>
          <p
            class="sansSerif"
          >
            プロジェクトをリードしていこう。新機能追加、コードレビュー、リファクタリングなどプロダクトを改善させてみましょう。
          </p>
        </li>
        <li>
          <h2>
            Lv.4  将軍、大将軍
          </h2>
          <p
            class="sansSerif"
          >
            ここまできたら一人前。1つのプロジェクトだけでなくコミュニティ全体をリードできるように、みんなを引っ張っていってください！
          </p>
        </li>
      </ul>
    </section>
    <section
      class="container"
    >
      <h1
        class="headline container"
      >
        <span>
          MEMBERS
        </span>
        <span>
          運営
        </span>
      </h1>
      <ul
        class="members"
      >
        <li>
          <div
            class="nextImg img"
          >
            <div
              style="display: block; overflow: hidden; position: relative; box-sizing: border-box; margin: 0px;"
            >
              <div
                style="display: block; box-sizing: border-box; padding-top: 100%;"
              />
              <img
                alt="しまぶー"
                decoding="async"
                sizes="(min-width: 480px) 180px, 100vw"
                src="/_next/image?url=%2Fimg%2Fmembers%2Fshimabu.png&w=1200&q=75"
                srcset="/_next/image?url=%2Fimg%2Fmembers%2Fshimabu.png&w=320&q=75 320w, /_next/image?url=%2Fimg%2Fmembers%2Fshimabu.png&w=420&q=75 420w, /_next/image?url=%2Fimg%2Fmembers%2Fshimabu.png&w=768&q=75 768w, /_next/image?url=%2Fimg%2Fmembers%2Fshimabu.png&w=1024&q=75 1024w, /_next/image?url=%2Fimg%2Fmembers%2Fshimabu.png&w=1200&q=75 1200w"
                style="visibility: visible; position: absolute; top: 0px; left: 0px; bottom: 0px; right: 0px; box-sizing: border-box; padding: 0px; margin: auto; display: block; width: 0px; height: 0px; min-width: 100%; max-width: 100%; min-height: 100%; max-height: 100%;"
              />
            </div>
          </div>
          <h1>
            しまぶー
          </h1>
          <h2>
            国王
          </h2>
          <p
            class="sansSerif"
          >
            ITエンジニアYouTuber。神戸大学経営学部卒。未経験から独学でプログラミングを勉強し、新卒でヤフーに入社。2019年に株式会社GameHintを創業。
          </p>
        </li>
        <li>
          <div
            class="nextImg img"
          >
            <div
              style="display: block; overflow: hidden; position: relative; box-sizing: border-box; margin: 0px;"
            >
              <div
                style="display: block; box-sizing: border-box; padding-top: 100%;"
              />
              <img
                alt="まっつん"
                decoding="async"
                sizes="(min-width: 480px) 180px, 100vw"
                src="/_next/image?url=%2Fimg%2Fmembers%2Fmatsu.png&w=1200&q=75"
                srcset="/_next/image?url=%2Fimg%2Fmembers%2Fmatsu.png&w=320&q=75 320w, /_next/image?url=%2Fimg%2Fmembers%2Fmatsu.png&w=420&q=75 420w, /_next/image?url=%2Fimg%2Fmembers%2Fmatsu.png&w=768&q=75 768w, /_next/image?url=%2Fimg%2Fmembers%2Fmatsu.png&w=1024&q=75 1024w, /_next/image?url=%2Fimg%2Fmembers%2Fmatsu.png&w=1200&q=75 1200w"
                style="visibility: visible; position: absolute; top: 0px; left: 0px; bottom: 0px; right: 0px; box-sizing: border-box; padding: 0px; margin: auto; display: block; width: 0px; height: 0px; min-width: 100%; max-width: 100%; min-height: 100%; max-height: 100%;"
              />
            </div>
          </div>
          <h1>
            まっつん
          </h1>
          <h2>
            相国
          </h2>
          <p
            class="sansSerif"
          >
            新卒でヤフーに入社し、決済部署でインフラ・バックエンドを担当。現在はしまぶーと一緒に起業。サロンではバックエンドを見る。
          </p>
        </li>
        <li>
          <div
            class="nextImg img"
          >
            <div
              style="display: block; overflow: hidden; position: relative; box-sizing: border-box; margin: 0px;"
            >
              <div
                style="display: block; box-sizing: border-box; padding-top: 100%;"
              />
              <img
                alt="いっぽ"
                decoding="async"
                sizes="(min-width: 480px) 180px, 100vw"
                src="/_next/image?url=%2Fimg%2Fmembers%2Fippo.png&w=1200&q=75"
                srcset="/_next/image?url=%2Fimg%2Fmembers%2Fippo.png&w=320&q=75 320w, /_next/image?url=%2Fimg%2Fmembers%2Fippo.png&w=420&q=75 420w, /_next/image?url=%2Fimg%2Fmembers%2Fippo.png&w=768&q=75 768w, /_next/image?url=%2Fimg%2Fmembers%2Fippo.png&w=1024&q=75 1024w, /_next/image?url=%2Fimg%2Fmembers%2Fippo.png&w=1200&q=75 1200w"
                style="visibility: visible; position: absolute; top: 0px; left: 0px; bottom: 0px; right: 0px; box-sizing: border-box; padding: 0px; margin: auto; display: block; width: 0px; height: 0px; min-width: 100%; max-width: 100%; min-height: 100%; max-height: 100%;"
              />
            </div>
          </div>
          <h1>
            いっぽ
          </h1>
          <h2>
            左丞相
          </h2>
          <p
            class="sansSerif"
          >
            新卒でクックパッドに入社し現在はITベンチャーに転職。アプリ・フロントエンド・デザインに秀でており、サロンでもその分野を担当。
          </p>
        </li>
        <li>
          <div
            class="nextImg img"
          >
            <div
              style="display: block; overflow: hidden; position: relative; box-sizing: border-box; margin: 0px;"
            >
              <div
                style="display: block; box-sizing: border-box; padding-top: 100%;"
              />
              <img
                alt="やっさん"
                decoding="async"
                sizes="(min-width: 480px) 180px, 100vw"
                src="/_next/image?url=%2Fimg%2Fmembers%2Fyasu.png&w=1200&q=75"
                srcset="/_next/image?url=%2Fimg%2Fmembers%2Fyasu.png&w=320&q=75 320w, /_next/image?url=%2Fimg%2Fmembers%2Fyasu.png&w=420&q=75 420w, /_next/image?url=%2Fimg%2Fmembers%2Fyasu.png&w=768&q=75 768w, /_next/image?url=%2Fimg%2Fmembers%2Fyasu.png&w=1024&q=75 1024w, /_next/image?url=%2Fimg%2Fmembers%2Fyasu.png&w=1200&q=75 1200w"
                style="visibility: visible; position: absolute; top: 0px; left: 0px; bottom: 0px; right: 0px; box-sizing: border-box; padding: 0px; margin: auto; display: block; width: 0px; height: 0px; min-width: 100%; max-width: 100%; min-height: 100%; max-height: 100%;"
              />
            </div>
          </div>
          <h1>
            やっさん
          </h1>
          <h2>
            右丞相
          </h2>
          <p
            class="sansSerif"
          >
            某有名企業の現役エンジニア。幅広いエンジニアリングの知識を持っている。サロンでは分野を問わず幅広く担当する。
          </p>
        </li>
      </ul>
    </section>
    <div
      class="container"
    >
      <div
        class="nextImg img"
      >
        <div
          style="display: block; overflow: hidden; position: relative; box-sizing: border-box; margin: 0px;"
        >
          <div
            style="display: block; box-sizing: border-box; padding-top: 55.39062500000001%;"
          />
          <img
            alt="Background"
            decoding="async"
            sizes="(max-width: 320px) 320px, (max-width: 420px) 420px, (max-width: 768px) 768px, (max-width: 1024px) 1024px, 1200px"
            src="/_next/image?url=%2Fimg%2Fmessage.png&w=1200&q=75"
            srcset="/_next/image?url=%2Fimg%2Fmessage.png&w=320&q=75 320w, /_next/image?url=%2Fimg%2Fmessage.png&w=420&q=75 420w, /_next/image?url=%2Fimg%2Fmessage.png&w=768&q=75 768w, /_next/image?url=%2Fimg%2Fmessage.png&w=1024&q=75 1024w, /_next/image?url=%2Fimg%2Fmessage.png&w=1200&q=75 1200w"
            style="visibility: visible; position: absolute; top: 0px; left: 0px; bottom: 0px; right: 0px; box-sizing: border-box; padding: 0px; margin: auto; display: block; width: 0px; height: 0px; min-width: 100%; max-width: 100%; min-height: 100%; max-height: 100%;"
          />
        </div>
      </div>
      <section
        class="container"
      >
        <div
          class="backgroundText"
        >
          <h1
            class="headline container coloredTitle"
          >
            <span>
              MESSAGE
            </span>
            <span>
              国王のメッセージ
            </span>
          </h1>
          <div
            class="text"
          >
            <p
              class="sansSerif"
            >
              IT KINGDOMはただプログラミングを教えるだけのサロンではありません。
              学んで終わりではなくプロダクトをリリースし、実際にビジネスとして展開していきます。
              そこで得た収益をサロンに還元する、それが私が目指す世界です。
            </p>
            <p
              class="sansSerif"
            >
              私はその実現に向けてサロンメンバーのIT力向上に注力します。
              ITエンジニアを目指す方も多いと思われますが、サロンではそのサポートもいたします。
              みなさんがIT企業に就職し、更にスキルアップして、また一緒に開発できることを願っています。
            </p>
            <p
              class="sansSerif"
            >
              オンラインサロンでITのビジネスを行うのは前例の殆どない最先端な取り組みです。
              私も不安ではありますが、そういった不安も一緒に楽しめる方に入っていただけると嬉しいです。
              個々の進化はもちろん、コミュニティの進化も目指して、一緒に最高のモノづくりをしましょう。
            </p>
          </div>
        </div>
      </section>
      <section
        class="container"
      >
        <h1
          class="headline container"
        >
          <span>
            PRICE
          </span>
          <span>
            料金
          </span>
        </h1>
        <div>
          <div
            class="price"
          >
            <span
              class="sansSerif"
            >
              月額 (税抜)
            </span>
            <h2>
              2,980
              <span>
                円
              </span>
            </h2>
          </div>
          <p
            class="sansSerif note"
          >
            外部のサービス利用料はすべて含まれています。
            オフラインのイベントは別途費用がかかります。
          </p>
        </div>
      </section>
      <section
        class="container"
      >
        <h1
          class="headline container"
        >
          <span>
            HOW TO ENTRY
          </span>
          <span>
            入国方法
          </span>
        </h1>
        <ul
          style="background-image: url(img/ink.png);"
        >
          <li
            class="step"
          >
            <div>
              <span>
                STEP
              </span>
              <span>
                1
              </span>
            </div>
            <h2>
              入国手続きを行う
            </h2>
            <p
              class="sansSerif"
            >
              サロンに参加するにはページ上部または下部にある「入国手続きを行う」ボタンから行えます。GitHubまたはGoogleのアカウント連携で登録が可能です。プログラミングを学びたい方にはGitHub連携をオススメしています。
            </p>
          </li>
          <li
            class="step"
          >
            <div>
              <span>
                STEP
              </span>
              <span>
                2
              </span>
            </div>
            <h2>
              プロフィールを登録する
            </h2>
            <p
              class="sansSerif"
            >
              続いてプロフィールをご記入ください。イベント企画の際に、こちらでご記入いただいたプロフィール情報を参考にさせていただきます。後からでも変更が可能です。
            </p>
          </li>
          <li
            class="step"
          >
            <div>
              <span>
                STEP
              </span>
              <span>
                3
              </span>
            </div>
            <h2>
              月会費をお支払いする
            </h2>
            <p
              class="sansSerif"
            >
              プロフィール登録後に会費をお支払いする画面に遷移しますので、指定の方法でお支払い手続きをお済ませください。
            </p>
          </li>
          <li
            class="step"
          >
            <div>
              <span>
                STEP
              </span>
              <span>
                4
              </span>
            </div>
            <h2>
              各種サービスへご招待
            </h2>
            <p
              class="sansSerif"
            >
              当サロンでは「Qast」「Slack」「GitHub」を使用します。お支払い完了後、1日以内を目安に、各サービスへの招待をメールでお送りします。メール内のリンクから各サービスへのご登録をお済ませください。使い方はサロン内で解説いたします。
            </p>
          </li>
          <li
            class="step"
          >
            <div>
              <span>
                STEP
              </span>
              <span>
                5
              </span>
            </div>
            <h2>
              入国完了
            </h2>
            <p
              class="sansSerif"
            >
              以上で入国手続きは完了です。あとはご自身の目標実現のためにスキルアップに励むも良し。ときにはコミュニティの成長のためにサロンに尽くすも良し。楽しい IT KINGDOM ライフの始まりです！
            </p>
          </li>
        </ul>
        <a
          class="button"
          href="https://qin.salon/signup"
          rel="noopener noreferrer"
          target="_blank"
        >
          <div
            style="display: inline-block; max-width: 100%; overflow: hidden; position: relative; box-sizing: border-box; margin: 0px;"
          >
            <div
              style="box-sizing: border-box; display: block; max-width: 100%;"
            >
              <img
                alt=""
                aria-hidden="true"
                role="presentation"
                src="data:image/svg+xml;base64,PHN2ZyB3aWR0aD0iNDgwIiBoZWlnaHQ9IjEwMyIgeG1sbnM9Imh0dHA6Ly93d3cudzMub3JnLzIwMDAvc3ZnIiB2ZXJzaW9uPSIxLjEiLz4="
                style="max-width: 100%; display: block;"
              />
            </div>
            <img
              alt="Entry button"
              decoding="async"
              src="/_next/image?url=%2Fimg%2Fentry-btn.png&w=1200&q=75"
              srcset="/_next/image?url=%2Fimg%2Fentry-btn.png&w=768&q=75 1x, /_next/image?url=%2Fimg%2Fentry-btn.png&w=1024&q=75 2x, /_next/image?url=%2Fimg%2Fentry-btn.png&w=1200&q=75 3x"
              style="visibility: visible; position: absolute; top: 0px; left: 0px; bottom: 0px; right: 0px; box-sizing: border-box; padding: 0px; margin: auto; display: block; width: 0px; height: 0px; min-width: 100%; max-width: 100%; min-height: 100%; max-height: 100%;"
            />
          </div>
        </a>
      </section>
    </div>
  </main>
  <footer
    class="sansSerif container"
  >
    <ul
      class="links"
    >
      <li
        class="link"
      >
        <a
          href="/support/terms"
        >
          利用規約
        </a>
      </li>
      <li
        class="link"
      >
        <a
          href="/support/privacy-policy"
        >
          プライバシーポリシー
        </a>
      </li>
      <li
        class="link"
      >
        <a
          href="/support/commerce"
        >
          特定商取引法に基づく表記
        </a>
      </li>
      <li
        class="link"
      >
        <a
          href="https://docs.google.com/forms/d/e/1FAIpQLSf7lYhGHmnl2KTPXsArv5KCoZvlwX7pMF7EZrDXSgWQWnJDhw/viewform"
          rel="noopener noreferrer"
          target="_blank"
        >
          お問い合わせ
        </a>
      </li>
    </ul>
    <small
      class="copyright"
      lang="en"
    >
      @ 2020 IT KINGDOM
    </small>
  </footer>
</DocumentFragment>
`;
